[debug] [2026-08-12T09:00:21.906Z] ----------------------------------------------------------------------
[debug] [2026-08-12T09:00:21.914Z] Command:       /tmp/node-v22.14.0-linux-x64/bin/node /home/dominid/.npm/_npx/7750544ccf494d8b/node_modules/.bin/firebase deploy --only firestore:rules,firestore:indexes --project oceaneyes-5e7b4 --non-interactive
[debug] [2026-08-12T09:00:21.914Z] CLI Version:   15.26.0
[debug] [2026-08-12T09:00:21.915Z] Platform:      linux
[debug] [2026-08-12T09:00:21.915Z] Node Version:  v22.14.0
[debug] [2026-08-12T09:00:21.916Z] Detected Agent: codex_cli
[debug] [2026-08-12T09:00:21.916Z] Time:          Wed Aug 12 2026 04:00:21 GMT-0500 (Peru Standard Time)
[debug] [2026-08-12T09:00:21.917Z] ----------------------------------------------------------------------
[debug] 
[debug] [2026-08-12T09:00:24.238Z] > command requires scopes: ["email","openid","https://www.googleapis.com/auth/cloudplatformprojects.readonly","https://www.googleapis.com/auth/firebase","https://www.googleapis.com/auth/cloud-platform"]
[debug] [2026-08-12T09:00:24.239Z] > authorizing via signed-in user (solvegrades@gmail.com)
[debug] [2026-08-12T09:00:24.239Z] [iam] checking project oceaneyes-5e7b4 for permissions ["datastore.indexes.create","datastore.indexes.delete","datastore.indexes.list","datastore.indexes.update","firebase.projects.get"]
[debug] [2026-08-12T09:00:24.253Z] Checked if tokens are valid: false, expires at: 1786519958810
[debug] [2026-08-12T09:00:24.253Z] Checked if tokens are valid: false, expires at: 1786519958810
[debug] [2026-08-12T09:00:24.253Z] > refreshing access token with scopes: []
[debug] [2026-08-12T09:00:24.256Z] >>> [apiv2][query] POST https://www.googleapis.com/oauth2/v3/token [none]
[debug] [2026-08-12T09:00:24.256Z] >>> [apiv2][body] POST https://www.googleapis.com/oauth2/v3/token [omitted]
[debug] [2026-08-12T09:00:24.466Z] <<< [apiv2][status] POST https://www.googleapis.com/oauth2/v3/token 200
[debug] [2026-08-12T09:00:24.466Z] <<< [apiv2][body] POST https://www.googleapis.com/oauth2/v3/token [omitted]
[debug] [2026-08-12T09:00:24.493Z] >>> [apiv2][query] POST https://cloudresourcemanager.googleapis.com/v1/projects/oceaneyes-5e7b4:testIamPermissions [none]
[debug] [2026-08-12T09:00:24.493Z] >>> [apiv2][(partial)header] POST https://cloudresourcemanager.googleapis.com/v1/projects/oceaneyes-5e7b4:testIamPermissions  x-goog-user-project=oceaneyes-5e7b4
[debug] [2026-08-12T09:00:24.494Z] >>> [apiv2][body] POST https://cloudresourcemanager.googleapis.com/v1/projects/oceaneyes-5e7b4:testIamPermissions {"permissions":["datastore.indexes.create","datastore.indexes.delete","datastore.indexes.list","datastore.indexes.update","firebase.projects.get"]}
[debug] [2026-08-12T09:00:25.351Z] <<< [apiv2][status] POST https://cloudresourcemanager.googleapis.com/v1/projects/oceaneyes-5e7b4:testIamPermissions 200
[debug] [2026-08-12T09:00:25.351Z] <<< [apiv2][body] POST https://cloudresourcemanager.googleapis.com/v1/projects/oceaneyes-5e7b4:testIamPermissions {"permissions":["datastore.indexes.create","datastore.indexes.delete","datastore.indexes.list","datastore.indexes.update","firebase.projects.get"]}
[info] 
[info] === Deploying to 'oceaneyes-5e7b4'...
[info] 
[info] i  deploying firestore 
[info] i  firestore: ensuring required API firestore.googleapis.com is enabled... 
[info] i  firestore: ensuring required API firestore.googleapis.com is enabled... 
[debug] [2026-08-12T09:00:25.361Z] Checked if tokens are valid: true, expires at: 1786528823467
[debug] [2026-08-12T09:00:25.361Z] Checked if tokens are valid: true, expires at: 1786528823467
[debug] [2026-08-12T09:00:25.362Z] >>> [apiv2][query] GET https://firestore.googleapis.com/v1/projects/oceaneyes-5e7b4/databases/(default) [none]
[debug] [2026-08-12T09:00:26.954Z] <<< [apiv2][status] GET https://firestore.googleapis.com/v1/projects/oceaneyes-5e7b4/databases/(default) 200
[debug] [2026-08-12T09:00:26.954Z] <<< [apiv2][body] GET https://firestore.googleapis.com/v1/projects/oceaneyes-5e7b4/databases/(default) {"name":"projects/oceaneyes-5e7b4/databases/(default)","uid":"a4d646d0-c502-4c8f-8d40-d4f7bd70518f","createTime":"2026-08-03T14:44:41.859081Z","updateTime":"2026-08-03T14:44:41.859081Z","locationId":"southamerica-east1","type":"FIRESTORE_NATIVE","concurrencyMode":"PESSIMISTIC","versionRetentionPeriod":"3600s","earliestVersionTime":"2026-08-12T08:00:26.850043Z","appEngineIntegrationMode":"DISABLED","keyPrefix":"i","pointInTimeRecoveryEnablement":"POINT_IN_TIME_RECOVERY_DISABLED","deleteProtectionState":"DELETE_PROTECTION_DISABLED","databaseEdition":"STANDARD","freeTier":true,"realtimeUpdatesMode":"REALTIME_UPDATES_MODE_ENABLED","etag":"II+pnYzdmpYDMIrqv/3fhJYD"}
[info] i  firestore: reading indexes from firestore.indexes.json... 
[info] i  cloud.firestore: checking firestore.rules for compilation errors... 
[debug] [2026-08-12T09:00:26.958Z] Checked if tokens are valid: true, expires at: 1786528823467
[debug] [2026-08-12T09:00:26.958Z] Checked if tokens are valid: true, expires at: 1786528823467
[debug] [2026-08-12T09:00:26.959Z] >>> [apiv2][query] POST https://firebaserules.googleapis.com/v1/projects/oceaneyes-5e7b4:test [none]
[debug] [2026-08-12T09:00:26.959Z] >>> [apiv2][body] POST https://firebaserules.googleapis.com/v1/projects/oceaneyes-5e7b4:test [omitted]
[debug] [2026-08-12T09:00:27.544Z] <<< [apiv2][status] POST https://firebaserules.googleapis.com/v1/projects/oceaneyes-5e7b4:test 200
[debug] [2026-08-12T09:00:27.544Z] <<< [apiv2][body] POST https://firebaserules.googleapis.com/v1/projects/oceaneyes-5e7b4:test {}
[info] ✔  cloud.firestore: rules file firestore.rules compiled successfully 
[debug] [2026-08-12T09:00:27.547Z] Checked if tokens are valid: true, expires at: 1786528823467
[debug] [2026-08-12T09:00:27.547Z] Checked if tokens are valid: true, expires at: 1786528823467
[debug] [2026-08-12T09:00:27.548Z] >>> [apiv2][query] GET https://firebaserules.googleapis.com/v1/projects/oceaneyes-5e7b4/releases pageSize=10&pageToken=
[debug] [2026-08-12T09:00:27.995Z] <<< [apiv2][status] GET https://firebaserules.googleapis.com/v1/projects/oceaneyes-5e7b4/releases 200
[debug] [2026-08-12T09:00:27.996Z] <<< [apiv2][body] GET https://firebaserules.googleapis.com/v1/projects/oceaneyes-5e7b4/releases {"releases":[{"name":"projects/oceaneyes-5e7b4/releases/cloud.firestore","rulesetName":"projects/oceaneyes-5e7b4/rulesets/09056900-1f58-4931-9bfc-4bc317380a4d","createTime":"2026-08-03T14:44:45.420003Z","updateTime":"2026-08-12T06:32:46.447448Z"},{"name":"projects/oceaneyes-5e7b4/releases/firebase.storage/oceaneyes-5e7b4.firebasestorage.app","rulesetName":"projects/oceaneyes-5e7b4/rulesets/0a259c6d-580d-4857-985e-a5b721dd1bda","createTime":"2026-08-12T05:36:17.922761Z","updateTime":"2026-08-12T05:37:58.796442Z"}]}
[debug] [2026-08-12T09:00:28.022Z] Checked if tokens are valid: true, expires at: 1786528823467
[debug] [2026-08-12T09:00:28.022Z] Checked if tokens are valid: true, expires at: 1786528823467
[debug] [2026-08-12T09:00:28.023Z] >>> [apiv2][query] GET https://firebaserules.googleapis.com/v1/projects/oceaneyes-5e7b4/rulesets/09056900-1f58-4931-9bfc-4bc317380a4d [none]
[debug] [2026-08-12T09:00:28.362Z] <<< [apiv2][status] GET https://firebaserules.googleapis.com/v1/projects/oceaneyes-5e7b4/rulesets/09056900-1f58-4931-9bfc-4bc317380a4d 200
[debug] [2026-08-12T09:00:28.362Z] <<< [apiv2][body] GET https://firebaserules.googleapis.com/v1/projects/oceaneyes-5e7b4/rulesets/09056900-1f58-4931-9bfc-4bc317380a4d [omitted]
[info] i  firestore: uploading rules firestore.rules... 
[debug] [2026-08-12T09:00:28.364Z] Checked if tokens are valid: true, expires at: 1786528823467
[debug] [2026-08-12T09:00:28.364Z] Checked if tokens are valid: true, expires at: 1786528823467
[debug] [2026-08-12T09:00:28.365Z] >>> [apiv2][query] POST https://firebaserules.googleapis.com/v1/projects/oceaneyes-5e7b4/rulesets [none]
[debug] [2026-08-12T09:00:28.365Z] >>> [apiv2][body] POST https://firebaserules.googleapis.com/v1/projects/oceaneyes-5e7b4/rulesets [omitted]
[debug] [2026-08-12T09:00:29.489Z] <<< [apiv2][status] POST https://firebaserules.googleapis.com/v1/projects/oceaneyes-5e7b4/rulesets 200
[debug] [2026-08-12T09:00:29.490Z] <<< [apiv2][body] POST https://firebaserules.googleapis.com/v1/projects/oceaneyes-5e7b4/rulesets {"name":"projects/oceaneyes-5e7b4/rulesets/8e3b3542-efe6-4bc7-be49-2bbd84994236","source":{"files":[{"content":"rules_version = '2';\n\nservice cloud.firestore {\n  match /databases/{database}/documents {\n    function signedIn() {\n      return request.auth != null;\n    }\n\n    function isAdmin() {\n      return isRole('admin');\n    }\n\n    function isRole(role) {\n      return signedIn()\n        && get(/databases/$(database)/documents/users/$(request.auth.uid)).data.role == role;\n    }\n\n    function isPrivileged() {\n      return isRole('admin') || isRole('municipal');\n    }\n\n    function isActiveMunicipality() {\n      return signedIn()\n        && exists(/databases/$(database)/documents/municipalities/$(request.auth.uid))\n        && get(/databases/$(database)/documents/municipalities/$(request.auth.uid)).data.status == 'active';\n    }\n\n    function isInMunicipalityBounds(location) {\n      let bounds = get(/databases/$(database)/documents/municipalities/$(request.auth.uid)).data.bounds;\n      return location != null\n        && bounds != null\n        && location.latitude >= bounds.south\n        && location.latitude <= bounds.north\n        && location.longitude >= bounds.west\n        && location.longitude <= bounds.east;\n    }\n\n    function isOwner(userId) {\n      return signedIn() && request.auth.uid == userId;\n    }\n\n    match /users/{userId} {\n      allow read: if isOwner(userId) || isAdmin();\n      allow create: if isOwner(userId)\n        && request.resource.data.role in ['user', 'municipal']\n        && request.resource.data.pointsBalance == 0;\n      allow update: if isAdmin() || (isOwner(userId)\n        && request.resource.data.role == resource.data.role\n        && request.resource.data.pointsBalance == resource.data.pointsBalance\n        && request.resource.data.totalPointsEarned == resource.data.totalPointsEarned\n        && request.resource.data.verifiedReportsCount == resource.data.verifiedReportsCount);\n      allow delete: if isAdmin();\n    }\n\n    match /reports/{reportId} {\n      allow create: if signedIn() && request.resource.data.userId == request.auth.uid;\n      allow read: if isAdmin()\n        || (signedIn() && resource.data.userId == request.auth.uid)\n        || (resource.data.status == 'verificado')\n        || (isActiveMunicipality() && isInMunicipalityBounds(resource.data.location));\n      allow update: if isAdmin()\n        || (signedIn() && resource.data.userId == request.auth.uid\n          && request.resource.data.userId == resource.data.userId\n          && request.resource.data.status == resource.data.status);\n      allow delete: if isAdmin();\n\n      match /private/{privateId} {\n        allow read: if isAdmin()\n          || (signedIn() && get(/databases/$(database)/documents/reports/$(reportId)).data.userId == request.auth.uid)\n          || get(/databases/$(database)/documents/reports/$(reportId)).data.status == 'verificado'\n          || (isActiveMunicipality()\n            && isInMunicipalityBounds(get(/databases/$(database)/documents/reports/$(reportId)).data.location));\n        allow create: if isAdmin()\n          || (signedIn()\n            && get(/databases/$(database)/documents/reports/$(reportId)).data.userId == request.auth.uid\n            && request.resource.data.userId == request.auth.uid);\n        allow update, delete: if isAdmin();\n      }\n\n      match /statusHistory/{historyId} {\n        allow read: if isAdmin()\n          || (signedIn() && get(/databases/$(database)/documents/reports/$(reportId)).data.userId == request.auth.uid);\n        allow write: if isAdmin();\n      }\n    }\n\n    match /alerts/{alertId} {\n      allow read: if signedIn() || resource.data.active == true;\n      allow create: if isAdmin() || isRole('municipal');\n      allow update, delete: if isAdmin() || isRole('municipal');\n    }\n\n    match /municipalities/{municipalityId} {\n      allow read: if isAdmin() || (signedIn() && resource.data.ownerUid == request.auth.uid);\n      allow create: if signedIn()\n        && municipalityId == request.auth.uid\n        && request.resource.data.ownerUid == request.auth.uid\n        && request.resource.data.status == 'pending';\n      allow update: if isAdmin()\n        || (signedIn() && municipalityId == request.auth.uid\n          && resource.data.ownerUid == request.auth.uid\n          && request.resource.data.status == resource.data.status\n          && request.resource.data.ownerUid == resource.data.ownerUid);\n      allow delete: if isAdmin();\n    }\n\n    match /campaigns/{campaignId} {\n      allow read: if signedIn() || resource.data.active == true;\n      allow create: if isPrivileged()\n        && request.resource.data.createdBy == request.auth.uid\n        && request.resource.data.active == true;\n      allow update, delete: if isAdmin()\n        || (isRole('municipal')\n          && resource.data.createdBy == request.auth.uid\n          && request.resource.data.createdBy == resource.data.createdBy\n          && request.resource.data.municipalityId == resource.data.municipalityId);\n    }\n\n    match /deviceTokens/{token} {\n      allow read: if isAdmin()\n        || (signedIn() && resource.data.userId == request.auth.uid);\n      allow create: if signedIn()\n        && request.resource.data.userId == request.auth.uid;\n      allow update, delete: if isAdmin()\n        || (signedIn() && resource.data.userId == request.auth.uid);\n    }\n\n    match /alertReports/{reportId} {\n      allow read: if isAdmin()\n        || (signedIn() && resource.data.userId == request.auth.uid)\n        || (resource.data.status == 'verified')\n        || isActiveMunicipality();\n      allow create: if signedIn()\n        && request.resource.data.userId == request.auth.uid\n        && request.resource.data.status == 'pending';\n      allow update: if isAdmin()\n        || (signedIn() && resource.data.userId == request.auth.uid\n          && request.resource.data.status == resource.data.status\n          && request.resource.data.userId == resource.data.userId);\n      allow delete: if isAdmin();\n    }\n\n    match /pointTransactions/{transactionId} {\n      allow read: if isAdmin()\n        || (signedIn() && resource.data.userId == request.auth.uid)\n        || (isActiveMunicipality()\n          && resource.data.reportId != null\n          && isInMunicipalityBounds(\n            get(/databases/$(database)/documents/reports/$(resource.data.reportId)).data.location\n          ));\n      allow write: if isAdmin();\n    }\n\n    match /rewards/{rewardId} {\n      allow read: if signedIn() && resource.data.active == true || isAdmin();\n      allow write: if isAdmin();\n    }\n\n    match /bannedDevices/{deviceHash} {\n      allow read: if true;\n      allow write: if isAdmin();\n    }\n\n    match /bans/{userId} {\n      allow read: if isAdmin() || (signedIn() && resource.data.userId == request.auth.uid);\n      allow write: if isAdmin();\n    }\n\n    match /rewardRedemptions/{redemptionId} {\n      allow read: if isAdmin() || (signedIn() && resource.data.userId == request.auth.uid);\n      allow create: if signedIn() && request.resource.data.userId == request.auth.uid;\n      allow update, delete: if isAdmin();\n    }\n  }\n}\n","name":"firestore.rules"}]},"createTime":"2026-08-12T09:00:29.388495Z","metadata":{"services":["cloud.firestore"]}}
[debug] [2026-08-12T09:00:29.490Z] [rules] created ruleset projects/oceaneyes-5e7b4/rulesets/8e3b3542-efe6-4bc7-be49-2bbd84994236
[info] i  firestore: deploying indexes... 
[debug] [2026-08-12T09:00:29.492Z] Checked if tokens are valid: true, expires at: 1786528823467
[debug] [2026-08-12T09:00:29.492Z] Checked if tokens are valid: true, expires at: 1786528823467
[debug] [2026-08-12T09:00:29.493Z] >>> [apiv2][query] GET https://firestore.googleapis.com/v1/projects/oceaneyes-5e7b4/databases/(default)/collectionGroups/-/indexes [none]
[debug] [2026-08-12T09:00:29.892Z] <<< [apiv2][status] GET https://firestore.googleapis.com/v1/projects/oceaneyes-5e7b4/databases/(default)/collectionGroups/-/indexes 200
[debug] [2026-08-12T09:00:29.893Z] <<< [apiv2][body] GET https://firestore.googleapis.com/v1/projects/oceaneyes-5e7b4/databases/(default)/collectionGroups/-/indexes {"indexes":[{"name":"projects/oceaneyes-5e7b4/databases/(default)/collectionGroups/alertReports/indexes/CICAgJim14AK","queryScope":"COLLECTION","fields":[{"fieldPath":"status","order":"ASCENDING"},{"fieldPath":"type","order":"ASCENDING"},{"fieldPath":"createdAt","order":"DESCENDING"},{"fieldPath":"__name__","order":"DESCENDING"}],"state":"READY","density":"SPARSE_ALL"},{"name":"projects/oceaneyes-5e7b4/databases/(default)/collectionGroups/reports/indexes/CICAgOjXh4EK","queryScope":"COLLECTION","fields":[{"fieldPath":"userId","order":"ASCENDING"},{"fieldPath":"createdAt","order":"DESCENDING"},{"fieldPath":"__name__","order":"DESCENDING"}],"state":"READY","density":"SPARSE_ALL"},{"name":"projects/oceaneyes-5e7b4/databases/(default)/collectionGroups/reports/indexes/CICAgJj7z4EK","queryScope":"COLLECTION","fields":[{"fieldPath":"status","order":"ASCENDING"},{"fieldPath":"createdAt","order":"DESCENDING"},{"fieldPath":"__name__","order":"DESCENDING"}],"state":"READY","density":"SPARSE_ALL"},{"name":"projects/oceaneyes-5e7b4/databases/(default)/collectionGroups/campaigns/indexes/CICAgJjF9oIK","queryScope":"COLLECTION","fields":[{"fieldPath":"active","order":"ASCENDING"},{"fieldPath":"createdAt","order":"DESCENDING"},{"fieldPath":"__name__","order":"DESCENDING"}],"state":"READY","density":"SPARSE_ALL"},{"name":"projects/oceaneyes-5e7b4/databases/(default)/collectionGroups/alerts/indexes/CICAgJiUpoMK","queryScope":"COLLECTION","fields":[{"fieldPath":"sentBy","order":"ASCENDING"},{"fieldPath":"createdAt","order":"DESCENDING"},{"fieldPath":"__name__","order":"DESCENDING"}],"state":"READY","density":"SPARSE_ALL"},{"name":"projects/oceaneyes-5e7b4/databases/(default)/collectionGroups/alerts/indexes/CICAgJjmiJEK","queryScope":"COLLECTION","fields":[{"fieldPath":"active","order":"ASCENDING"},{"fieldPath":"createdAt","order":"DESCENDING"},{"fieldPath":"__name__","order":"DESCENDING"}],"state":"READY","density":"SPARSE_ALL"},{"name":"projects/oceaneyes-5e7b4/databases/(default)/collectionGroups/campaigns/indexes/CICAgJjFqZMK","queryScope":"COLLECTION","fields":[{"fieldPath":"municipalityId","order":"ASCENDING"},{"fieldPath":"createdAt","order":"DESCENDING"},{"fieldPath":"__name__","order":"DESCENDING"}],"state":"READY","density":"SPARSE_ALL"}]}
[debug] [2026-08-12T09:00:29.894Z] Checked if tokens are valid: true, expires at: 1786528823467
[debug] [2026-08-12T09:00:29.894Z] Checked if tokens are valid: true, expires at: 1786528823467
[debug] [2026-08-12T09:00:29.895Z] >>> [apiv2][query] GET https://firestore.googleapis.com/v1/projects/oceaneyes-5e7b4/databases/(default)/collectionGroups/-/fields?filter=indexConfig.usesAncestorConfig=false OR ttlConfig:* [none]
[debug] [2026-08-12T09:00:30.229Z] <<< [apiv2][status] GET https://firestore.googleapis.com/v1/projects/oceaneyes-5e7b4/databases/(default)/collectionGroups/-/fields?filter=indexConfig.usesAncestorConfig=false OR ttlConfig:* 200
[debug] [2026-08-12T09:00:30.230Z] <<< [apiv2][body] GET https://firestore.googleapis.com/v1/projects/oceaneyes-5e7b4/databases/(default)/collectionGroups/-/fields?filter=indexConfig.usesAncestorConfig=false OR ttlConfig:* {"fields":[{"name":"projects/oceaneyes-5e7b4/databases/(default)/collectionGroups/__default__/fields/*","indexConfig":{"indexes":[{"queryScope":"COLLECTION","fields":[{"fieldPath":"*","order":"ASCENDING"}],"state":"READY"},{"queryScope":"COLLECTION","fields":[{"fieldPath":"*","order":"DESCENDING"}],"state":"READY"},{"queryScope":"COLLECTION","fields":[{"fieldPath":"*","arrayConfig":"CONTAINS"}],"state":"READY"}]}}]}
[debug] [2026-08-12T09:00:30.231Z] Checked if tokens are valid: true, expires at: 1786528823467
[debug] [2026-08-12T09:00:30.231Z] Checked if tokens are valid: true, expires at: 1786528823467
[debug] [2026-08-12T09:00:30.231Z] >>> [apiv2][query] GET https://firestore.googleapis.com/v1/projects/oceaneyes-5e7b4/databases/(default) [none]
[debug] [2026-08-12T09:00:30.537Z] <<< [apiv2][status] GET https://firestore.googleapis.com/v1/projects/oceaneyes-5e7b4/databases/(default) 200
[debug] [2026-08-12T09:00:30.538Z] <<< [apiv2][body] GET https://firestore.googleapis.com/v1/projects/oceaneyes-5e7b4/databases/(default) {"name":"projects/oceaneyes-5e7b4/databases/(default)","uid":"a4d646d0-c502-4c8f-8d40-d4f7bd70518f","createTime":"2026-08-03T14:44:41.859081Z","updateTime":"2026-08-03T14:44:41.859081Z","locationId":"southamerica-east1","type":"FIRESTORE_NATIVE","concurrencyMode":"PESSIMISTIC","versionRetentionPeriod":"3600s","earliestVersionTime":"2026-08-12T08:00:30.432091Z","appEngineIntegrationMode":"DISABLED","keyPrefix":"i","pointInTimeRecoveryEnablement":"POINT_IN_TIME_RECOVERY_DISABLED","deleteProtectionState":"DELETE_PROTECTION_DISABLED","databaseEdition":"STANDARD","freeTier":true,"realtimeUpdatesMode":"REALTIME_UPDATES_MODE_ENABLED","etag":"IOz3943dmpYDMIrqv/3fhJYD"}
[debug] [2026-08-12T09:00:30.541Z] Skipping existing index: {"collectionGroup":"reports","queryScope":"COLLECTION","fields":[{"fieldPath":"userId","order":"ASCENDING"},{"fieldPath":"createdAt","order":"DESCENDING"},{"fieldPath":"__name__","order":"DESCENDING"}]}
[debug] [2026-08-12T09:00:30.541Z] Skipping existing index: {"collectionGroup":"reports","queryScope":"COLLECTION","fields":[{"fieldPath":"status","order":"ASCENDING"},{"fieldPath":"createdAt","order":"DESCENDING"},{"fieldPath":"__name__","order":"DESCENDING"}]}
[debug] [2026-08-12T09:00:30.541Z] Creating new index: {"collectionGroup":"reports","queryScope":"COLLECTION","fields":[{"fieldPath":"location.latitude","order":"ASCENDING"},{"fieldPath":"location.longitude","order":"ASCENDING"},{"fieldPath":"__name__","order":"ASCENDING"}]}
[debug] [2026-08-12T09:00:30.542Z] Checked if tokens are valid: true, expires at: 1786528823467
[debug] [2026-08-12T09:00:30.542Z] Checked if tokens are valid: true, expires at: 1786528823467
[debug] [2026-08-12T09:00:30.543Z] >>> [apiv2][query] POST https://firestore.googleapis.com/v1/projects/oceaneyes-5e7b4/databases/(default)/collectionGroups/reports/indexes [none]
[debug] [2026-08-12T09:00:30.544Z] >>> [apiv2][body] POST https://firestore.googleapis.com/v1/projects/oceaneyes-5e7b4/databases/(default)/collectionGroups/reports/indexes {"fields":[{"fieldPath":"location.latitude","order":"ASCENDING"},{"fieldPath":"location.longitude","order":"ASCENDING"},{"fieldPath":"__name__","order":"ASCENDING"}],"queryScope":"COLLECTION"}
[debug] [2026-08-12T09:00:30.987Z] <<< [apiv2][status] POST https://firestore.googleapis.com/v1/projects/oceaneyes-5e7b4/databases/(default)/collectionGroups/reports/indexes 200
[debug] [2026-08-12T09:00:30.988Z] <<< [apiv2][body] POST https://firestore.googleapis.com/v1/projects/oceaneyes-5e7b4/databases/(default)/collectionGroups/reports/indexes {"name":"projects/oceaneyes-5e7b4/databases/(default)/operations/S01vNzRpTmdBQ0lDDCoDIDdiNmNjM2YzYTBhMy05Y2NiLTBmOTQtNDBhMS1iMGJhODZjZCQac2VuaWxlcGlwCQpBEg","metadata":{"@type":"type.googleapis.com/google.firestore.admin.v1.IndexOperationMetadata","startTime":"2026-08-12T09:00:30.867769Z","index":"projects/oceaneyes-5e7b4/databases/(default)/collectionGroups/reports/indexes/CICAgNi47oMK","state":"INITIALIZING"}}
[debug] [2026-08-12T09:00:30.988Z] Skipping existing index: {"collectionGroup":"alerts","queryScope":"COLLECTION","fields":[{"fieldPath":"sentBy","order":"ASCENDING"},{"fieldPath":"createdAt","order":"DESCENDING"},{"fieldPath":"__name__","order":"DESCENDING"}]}
[debug] [2026-08-12T09:00:30.989Z] Skipping existing index: {"collectionGroup":"alerts","queryScope":"COLLECTION","fields":[{"fieldPath":"active","order":"ASCENDING"},{"fieldPath":"createdAt","order":"DESCENDING"},{"fieldPath":"__name__","order":"DESCENDING"}]}
[debug] [2026-08-12T09:00:30.989Z] Skipping existing index: {"collectionGroup":"campaigns","queryScope":"COLLECTION","fields":[{"fieldPath":"active","order":"ASCENDING"},{"fieldPath":"createdAt","order":"DESCENDING"},{"fieldPath":"__name__","order":"DESCENDING"}]}
[debug] [2026-08-12T09:00:30.989Z] Skipping existing index: {"collectionGroup":"campaigns","queryScope":"COLLECTION","fields":[{"fieldPath":"municipalityId","order":"ASCENDING"},{"fieldPath":"createdAt","order":"DESCENDING"},{"fieldPath":"__name__","order":"DESCENDING"}]}
[debug] [2026-08-12T09:00:30.989Z] Skipping existing index: {"collectionGroup":"alertReports","queryScope":"COLLECTION","fields":[{"fieldPath":"status","order":"ASCENDING"},{"fieldPath":"type","order":"ASCENDING"},{"fieldPath":"createdAt","order":"DESCENDING"},{"fieldPath":"__name__","order":"DESCENDING"}]}
[info] ✔  firestore: deployed indexes in firestore.indexes.json successfully for (default) database 
[debug] [2026-08-12T09:00:30.990Z] [rules] releasing cloud.firestore with ruleset projects/oceaneyes-5e7b4/rulesets/8e3b3542-efe6-4bc7-be49-2bbd84994236
[debug] [2026-08-12T09:00:30.991Z] Checked if tokens are valid: true, expires at: 1786528823467
[debug] [2026-08-12T09:00:30.991Z] Checked if tokens are valid: true, expires at: 1786528823467
[debug] [2026-08-12T09:00:30.992Z] >>> [apiv2][query] PATCH https://firebaserules.googleapis.com/v1/projects/oceaneyes-5e7b4/releases/cloud.firestore [none]
[debug] [2026-08-12T09:00:30.992Z] >>> [apiv2][body] PATCH https://firebaserules.googleapis.com/v1/projects/oceaneyes-5e7b4/releases/cloud.firestore {"release":{"name":"projects/oceaneyes-5e7b4/releases/cloud.firestore","rulesetName":"projects/oceaneyes-5e7b4/rulesets/8e3b3542-efe6-4bc7-be49-2bbd84994236"}}
[debug] [2026-08-12T09:00:32.068Z] <<< [apiv2][status] PATCH https://firebaserules.googleapis.com/v1/projects/oceaneyes-5e7b4/releases/cloud.firestore 200
